[ZPL-BOOT] kernel_entry reached
[ZPL-BOOT] serial initialized
[ZPL-EVT2 tag=BUILD-ID t=0 kind=kernel_image version=v0.5.0]
[ZPL-FRAME] init base=0x200000 cap=262144
[ZPL-FRAME] burst alloc=1000 free=1000 leak=0
[ZPL-FRAME] stress=1000000 leak=0
[ZPL-HEAP] selfcheck box+vec100 OK
[ZPL-AUDIT] selfcheck append=5 verify=ok tamper_detected OK
[ZPL-SMP max_leaf=13 max_logical=0 apic_id=0 OK]
[ZPL-PAGING] init pdpt[1]+pd[0] ok
[ZPL-PDPT-VA=000000000012c000]
[ZPL-PAGING] pml4[0] hooked
[ZPL-PAGING] map_4k virt=0x40000000 ok
[ZPL-PAGING] write_read_match val=0xcafebabedeadbeef
[ZPL-PAGING] unmap virt=0x40000000 ok
[ZPL-RING] tss installed selector=0x28
[ZPL-SCHED tid=A ain=52 action=ALLOW]
[ZPL-PAGING] page_fault virt=0x40000000 reread ok
[ZPL-SCHED tid=A ain=52 action=ALLOW]
[ZPL-STACKGUARD] install body=8KiB guard=0x40004000 ok
[ZPL-STACKGUARD] body_write_read ok
[ZPL-STACKGUARD] guard_hit virt=0x40004000 cleanly handled
[ZPL-SCHED tid=A ain=52 action=ALLOW]
[ZPL-RAMFS] selfcheck create+write+close+reopen+read OK
[ZPL-PROC] selfcheck spawn=3 wait=3 exit_codes_sum=43 live=0 OK
[ZPL-IPC] selfcheck pipe+send+recv ipc-roundtrip OK
[ZPL-SCHED tid=A ain=52 action=ALLOW]
[ZPL-SHM] shm_id=0 ain=50 action=ALLOW
[ZPL-SHM] shm_id=0 ain=5 action=BLOCK
[ZPL-SHM] selfcheck allow_clean+block_hostile OK
[ZPL-SCHED tid=A ain=52 action=ALLOW]
[ZPL-MATRIX] selfcheck 8ops naive==simd 64x64 OK
[ZPL-RUNQ] selfcheck N=5 ticks=10 winner=task0_wins=10 OK
[ZPL-HAL] selfcheck block_rw+net_tx_rx OK
[ZPL-PCI] 00:00.0 vid=8086 did=1237 class=06:00 host bridge irq=0
[ZPL-PCI] 00:01.0 vid=8086 did=7000 class=06:01 ISA bridge irq=0
[ZPL-PCI] 00:01.1 vid=8086 did=7010 class=01:01 IDE controller irq=0
[ZPL-PCI] 00:01.3 vid=8086 did=7113 class=06:80 bridge irq=9
[ZPL-PCI] 00:02.0 vid=1234 did=1111 class=03:00 VGA display bar0=0xfd000008 irq=0
[ZPL-PCI] 00:03.0 vid=8086 did=100e class=02:00 ethernet controller bar0=0xfebc0000 irq=11
[ZPL-PCI] enumerate buses=1 devices=6 OK
[ZPL-SCHED tid=A ain=52 action=ALLOW]
[ZPL-E1000] 00:03.0 mac=52:54:00:12:34:56 valid link=up qemu-prefix OK
[ZPL-VNET] probe bus=0 no virtio-net-pci
[ZPL-RING3] demo programs: clean, hostile, flood
[ZPL-SCHED tid=A ain=52 action=ALLOW]
[ZPL-SYSCALL] log: program 1 (clean): one modest request
[ZPL-SCHED tid=A ain=52 action=ALLOW]
[ZPL-SCHED tid=user ain=95 action=ALLOW]
[ZPL-SYSCALL] log: program 2 (hostile): asks far over the limit
[ZPL-SCHED tid=A ain=52 action=ALLOW]
[ZPL-SCHED tid=user ain=5 action=BLOCK]
[ZPL-SYSCALL] log: program 3 (flood): asks 400 times, hits the quota
[ZPL-SCHED tid=A ain=52 action=ALLOW]
[ZPL-SCHED tid=user ain=95 action=ALLOW]
[ZPL-SCHED tid=user ain=95 action=ALLOW]
[ZPL-SCHED tid=user ain=95 action=ALLOW]
[ZPL-SCHED tid=user ain=95 action=ALLOW]
[ZPL-SCHED tid=user ain=95 action=ALLOW]
[ZPL-SCHED tid=user ain=95 action=ALLOW]
[ZPL-SCHED tid=user ain=95 action=ALLOW]
[ZPL-SCHED tid=user ain=95 action=ALLOW]
[ZPL-SCHED tid=A ain=52 action=ALLOW]
[ZPL-SCHED tid=user ain=95 action=ALLOW]
[ZPL-SCHED tid=user ain=95 action=ALLOW]
[ZPL-SCHED tid=user ain=95 action=ALLOW]
[ZPL-SCHED tid=user ain=95 action=ALLOW]
[ZPL-SCHED tid=user ain=95 action=ALLOW]
[ZPL-SCHED tid=user ain=95 action=ALLOW]
[ZPL-SCHED tid=user ain=95 action=ALLOW]
[ZPL-SCHED tid=user ain=95 action=ALLOW]
[ZPL-SCHED tid=user ain=95 action=ALLOW]
[ZPL-SCHED tid=user ain=95 action=ALLOW]
[ZPL-SCHED tid=user ain=95 action=ALLOW]
[ZPL-SCHED tid=user ain=95 action=ALLOW]
[ZPL-SCHED tid=user ain=95 action=ALLOW]
[ZPL-SCHED tid=user ain=95 action=ALLOW]
[ZPL-SCHED tid=A ain=52 action=ALLOW]
[ZPL-SCHED tid=user ain=95 action=ALLOW]
[ZPL-SCHED tid=user ain=95 action=ALLOW]
[ZPL-SCHED tid=user ain=95 action=ALLOW]
[ZPL-SCHED tid=user ain=95 action=ALLOW]
[ZPL-SCHED tid=user ain=95 action=ALLOW]
[ZPL-SCHED tid=user ain=95 action=ALLOW]
[ZPL-SCHED tid=user ain=95 action=ALLOW]
[ZPL-SCHED tid=user ain=95 action=ALLOW]
[ZPL-SCHED tid=user ain=95 action=ALLOW]
[ZPL-SCHED tid=user ain=95 action=ALLOW]
[ZPL-SCHED tid=user ain=95 action=ALLOW]
[ZPL-SCHED tid=user ain=95 action=ALLOW]
[ZPL-SCHED tid=user ain=95 action=ALLOW]
[ZPL-SCHED tid=user ain=95 action=ALLOW]
[ZPL-SCHED tid=user ain=95 action=ALLOW]
[ZPL-SCHED tid=user ain=95 action=ALLOW]
[ZPL-SCHED tid=A ain=52 action=ALLOW]
[ZPL-SCHED tid=user ain=95 action=ALLOW]
[ZPL-SCHED tid=user ain=95 action=ALLOW]
[ZPL-SCHED tid=user ain=95 action=ALLOW]
[ZPL-SCHED tid=user ain=95 action=ALLOW]
[ZPL-SCHED tid=user ain=95 action=ALLOW]
[ZPL-SCHED tid=user ain=95 action=ALLOW]
[ZPL-SCHED tid=user ain=95 action=ALLOW]
[ZPL-SCHED tid=user ain=95 action=ALLOW]
[ZPL-SCHED tid=user ain=95 action=ALLOW]
[ZPL-SCHED tid=user ain=95 action=ALLOW]
[ZPL-SCHED tid=user ain=95 action=ALLOW]
[ZPL-SCHED tid=user ain=95 action=ALLOW]
[ZPL-SCHED tid=user ain=95 action=ALLOW]
[ZPL-SCHED tid=user ain=95 action=ALLOW]
[ZPL-SCHED tid=user ain=95 action=ALLOW]
[ZPL-SCHED tid=user ain=95 action=ALLOW]
[ZPL-SCHED tid=user ain=95 action=ALLOW]
[ZPL-SCHED tid=user ain=95 action=ALLOW]
[ZPL-SCHED tid=A ain=52 action=ALLOW]
[ZPL-SCHED tid=user ain=95 action=ALLOW]
[ZPL-SCHED tid=user ain=95 action=ALLOW]
[ZPL-SCHED tid=user ain=95 action=ALLOW]
[ZPL-SCHED tid=user ain=95 action=ALLOW]
[ZPL-SCHED tid=user ain=95 action=ALLOW]
[ZPL-SCHED tid=user ain=95 action=ALLOW]
[ZPL-SCHED tid=user ain=95 action=ALLOW]
[ZPL-SCHED tid=user ain=95 action=ALLOW]
[ZPL-SCHED tid=user ain=95 action=ALLOW]
[ZPL-SCHED tid=user ain=95 action=ALLOW]
[ZPL-SCHED tid=user ain=95 action=ALLOW]
[ZPL-SCHED tid=user ain=95 action=ALLOW]
[ZPL-SCHED tid=user ain=95 action=ALLOW]
[ZPL-SCHED tid=user ain=95 action=ALLOW]
[ZPL-SCHED tid=user ain=95 action=ALLOW]
[ZPL-SCHED tid=user ain=95 action=ALLOW]
[ZPL-SCHED tid=A ain=52 action=ALLOW]
[ZPL-SCHED tid=user ain=95 action=ALLOW]
[ZPL-SCHED tid=user ain=95 action=ALLOW]
[ZPL-SCHED tid=user ain=95 action=ALLOW]
[ZPL-SCHED tid=user ain=95 action=ALLOW]
[ZPL-SCHED tid=user ain=95 action=ALLOW]
[ZPL-SCHED tid=user ain=95 action=ALLOW]
[ZPL-SCHED tid=user ain=95 action=ALLOW]
[ZPL-SCHED tid=user ain=95 action=ALLOW]
[ZPL-SCHED tid=user ain=95 action=ALLOW]
[ZPL-SCHED tid=user ain=95 action=ALLOW]
[ZPL-SCHED tid=user ain=95 action=ALLOW]
[ZPL-SCHED tid=user ain=95 action=ALLOW]
[ZPL-SCHED tid=user ain=95 action=ALLOW]
[ZPL-SCHED tid=user ain=95 action=ALLOW]
[ZPL-SCHED tid=A ain=52 action=ALLOW]
[ZPL-SCHED tid=user ain=95 action=ALLOW]
[ZPL-SCHED tid=user ain=95 action=ALLOW]
[ZPL-SCHED tid=user ain=95 action=ALLOW]
[ZPL-SCHED tid=user ain=95 action=ALLOW]
[ZPL-SCHED tid=user ain=95 action=ALLOW]
[ZPL-SCHED tid=user ain=95 action=ALLOW]
[ZPL-SCHED tid=user ain=95 action=ALLOW]
[ZPL-SCHED tid=user ain=95 action=ALLOW]
[ZPL-SCHED tid=user ain=95 action=ALLOW]
[ZPL-SCHED tid=user ain=95 action=ALLOW]
[ZPL-SCHED tid=user ain=95 action=ALLOW]
[ZPL-SCHED tid=user ain=95 action=ALLOW]
[ZPL-SCHED tid=user ain=95 action=ALLOW]
[ZPL-SCHED tid=user ain=95 action=ALLOW]
[ZPL-SCHED tid=user ain=95 action=ALLOW]
[ZPL-SCHED tid=A ain=52 action=ALLOW]
[ZPL-SCHED tid=user ain=95 action=ALLOW]
[ZPL-SCHED tid=user ain=95 action=ALLOW]
[ZPL-SCHED tid=user ain=95 action=ALLOW]
[ZPL-SCHED tid=user ain=95 action=ALLOW]
[ZPL-SCHED tid=user ain=95 action=ALLOW]
[ZPL-SCHED tid=user ain=95 action=ALLOW]
[ZPL-SCHED tid=user ain=95 action=ALLOW]
[ZPL-SCHED tid=user ain=95 action=ALLOW]
[ZPL-SCHED tid=user ain=95 action=ALLOW]
[ZPL-SCHED tid=user ain=95 action=ALLOW]
[ZPL-SCHED tid=user ain=95 action=ALLOW]
[ZPL-SCHED tid=user ain=95 action=ALLOW]
[ZPL-SCHED tid=user ain=95 action=ALLOW]
[ZPL-SCHED tid=user ain=95 action=ALLOW]
[ZPL-SCHED tid=user ain=95 action=ALLOW]
[ZPL-SCHED tid=user ain=95 action=ALLOW]
[ZPL-SCHED tid=user ain=95 action=ALLOW]
[ZPL-SCHED tid=A ain=52 action=ALLOW]
[ZPL-SCHED tid=user ain=95 action=ALLOW]
[ZPL-SCHED tid=user ain=95 action=ALLOW]
[ZPL-SCHED tid=user ain=95 action=ALLOW]
[ZPL-SCHED tid=user ain=95 action=ALLOW]
[ZPL-SCHED tid=user ain=95 action=ALLOW]
[ZPL-SCHED tid=user ain=95 action=ALLOW]
[ZPL-SCHED tid=user ain=95 action=ALLOW]
[ZPL-SCHED tid=user ain=95 action=ALLOW]
[ZPL-SCHED tid=user ain=95 action=ALLOW]
[ZPL-SCHED tid=user ain=95 action=ALLOW]
[ZPL-SCHED tid=user ain=95 action=ALLOW]
[ZPL-SCHED tid=user ain=95 action=ALLOW]
[ZPL-SCHED tid=user ain=95 action=ALLOW]
[ZPL-SCHED tid=user ain=95 action=ALLOW]
[ZPL-SCHED tid=user ain=95 action=ALLOW]
[ZPL-SCHED tid=A ain=52 action=ALLOW]
[ZPL-SCHED tid=user ain=95 action=ALLOW]
[ZPL-SCHED tid=user ain=95 action=ALLOW]
[ZPL-SCHED tid=user ain=95 action=ALLOW]
[ZPL-SCHED tid=user ain=95 action=ALLOW]
[ZPL-SCHED tid=user ain=95 action=ALLOW]
[ZPL-SCHED tid=user ain=95 action=ALLOW]
[ZPL-SCHED tid=user ain=95 action=ALLOW]
[ZPL-SCHED tid=user ain=95 action=ALLOW]
[ZPL-SCHED tid=user ain=95 action=ALLOW]
[ZPL-SCHED tid=user ain=95 action=ALLOW]
[ZPL-SCHED tid=user ain=95 action=ALLOW]
[ZPL-SCHED tid=user ain=95 action=ALLOW]
[ZPL-SCHED tid=user ain=30 action=DEGRADE]
[ZPL-SCHED tid=user ain=30 action=DEGRADE]
[ZPL-SCHED tid=user ain=30 action=DEGRADE]
[ZPL-SCHED tid=A ain=30 action=DEGRADE]
[ZPL-SCHED tid=user ain=30 action=DEGRADE]
[ZPL-SCHED tid=user ain=30 action=DEGRADE]
[ZPL-SCHED tid=user ain=30 action=DEGRADE]
[ZPL-SCHED tid=user ain=30 action=DEGRADE]
[ZPL-SCHED tid=user ain=30 action=DEGRADE]
[ZPL-SCHED tid=user ain=30 action=DEGRADE]
[ZPL-SCHED tid=user ain=30 action=DEGRADE]
[ZPL-SCHED tid=user ain=30 action=DEGRADE]
[ZPL-SCHED tid=user ain=30 action=DEGRADE]
[ZPL-SCHED tid=user ain=30 action=DEGRADE]
[ZPL-SCHED tid=user ain=30 action=DEGRADE]
[ZPL-SCHED tid=user ain=30 action=DEGRADE]
[ZPL-SCHED tid=user ain=30 action=DEGRADE]
[ZPL-SCHED tid=user ain=30 action=DEGRADE]
[ZPL-SCHED tid=user ain=30 action=DEGRADE]
[ZPL-SCHED tid=A ain=30 action=DEGRADE]
[ZPL-SCHED tid=user ain=30 action=DEGRADE]
[ZPL-SCHED tid=user ain=30 action=DEGRADE]
[ZPL-SCHED tid=user ain=30 action=DEGRADE]
[ZPL-SCHED tid=user ain=30 action=DEGRADE]
[ZPL-SCHED tid=user ain=30 action=DEGRADE]
[ZPL-SCHED tid=user ain=30 action=DEGRADE]
[ZPL-SCHED tid=user ain=30 action=DEGRADE]
[ZPL-SCHED tid=user ain=30 action=DEGRADE]
[ZPL-SCHED tid=user ain=30 action=DEGRADE]
[ZPL-SCHED tid=user ain=30 action=DEGRADE]
[ZPL-SCHED tid=user ain=30 action=DEGRADE]
[ZPL-SCHED tid=user ain=30 action=DEGRADE]
[ZPL-SCHED tid=user ain=30 action=DEGRADE]
[ZPL-SCHED tid=user ain=30 action=DEGRADE]
[ZPL-SCHED tid=user ain=30 action=DEGRADE]
[ZPL-SCHED tid=user ain=30 action=DEGRADE]
[ZPL-SCHED tid=user ain=30 action=DEGRADE]
[ZPL-SCHED tid=user ain=30 action=DEGRADE]
[ZPL-SCHED tid=A ain=30 action=DEGRADE]
[ZPL-SCHED tid=user ain=30 action=DEGRADE]
[ZPL-SCHED tid=user ain=30 action=DEGRADE]
[ZPL-SCHED tid=user ain=30 action=DEGRADE]
[ZPL-SCHED tid=user ain=30 action=DEGRADE]
[ZPL-SCHED tid=user ain=30 action=DEGRADE]
[ZPL-SCHED tid=user ain=30 action=DEGRADE]
[ZPL-SCHED tid=user ain=30 action=DEGRADE]
[ZPL-SCHED tid=user ain=30 action=DEGRADE]
[ZPL-SCHED tid=user ain=30 action=DEGRADE]
[ZPL-SCHED tid=user ain=30 action=DEGRADE]
[ZPL-SCHED tid=user ain=30 action=DEGRADE]
[ZPL-SCHED tid=user ain=30 action=DEGRADE]
[ZPL-SCHED tid=user ain=30 action=DEGRADE]
[ZPL-SCHED tid=A ain=30 action=DEGRADE]
[ZPL-SCHED tid=user ain=30 action=DEGRADE]
[ZPL-SCHED tid=user ain=30 action=DEGRADE]
[ZPL-SCHED tid=user ain=30 action=DEGRADE]
[ZPL-SCHED tid=user ain=30 action=DEGRADE]
[ZPL-SCHED tid=user ain=30 action=DEGRADE]
[ZPL-SCHED tid=user ain=30 action=DEGRADE]
[ZPL-SCHED tid=user ain=30 action=DEGRADE]
[ZPL-SCHED tid=user ain=30 action=DEGRADE]
[ZPL-SCHED tid=user ain=30 action=DEGRADE]
[ZPL-SCHED tid=user ain=30 action=DEGRADE]
[ZPL-SCHED tid=user ain=30 action=DEGRADE]
[ZPL-SCHED tid=user ain=30 action=DEGRADE]
[ZPL-SCHED tid=user ain=30 action=DEGRADE]
[ZPL-SCHED tid=user ain=30 action=DEGRADE]
[ZPL-SCHED tid=A ain=30 action=DEGRADE]
[ZPL-SCHED tid=user ain=30 action=DEGRADE]
[ZPL-SCHED tid=user ain=30 action=DEGRADE]
[ZPL-SCHED tid=user ain=30 action=DEGRADE]
[ZPL-SCHED tid=user ain=30 action=DEGRADE]
[ZPL-SCHED tid=user ain=30 action=DEGRADE]
[ZPL-SCHED tid=user ain=30 action=DEGRADE]
[ZPL-SCHED tid=user ain=30 action=DEGRADE]
[ZPL-SCHED tid=user ain=30 action=DEGRADE]
[ZPL-SCHED tid=user ain=30 action=DEGRADE]
[ZPL-SCHED tid=user ain=30 action=DEGRADE]
[ZPL-SCHED tid=user ain=30 action=DEGRADE]
[ZPL-SCHED tid=user ain=30 action=DEGRADE]
[ZPL-SCHED tid=user ain=30 action=DEGRADE]
[ZPL-SCHED tid=user ain=30 action=DEGRADE]
[ZPL-SCHED tid=user ain=30 action=DEGRADE]
[ZPL-SCHED tid=A ain=30 action=DEGRADE]
[ZPL-SCHED tid=user ain=30 action=DEGRADE]
[ZPL-SCHED tid=user ain=30 action=DEGRADE]
[ZPL-SCHED tid=user ain=30 action=DEGRADE]
[ZPL-SCHED tid=user ain=30 action=DEGRADE]
[ZPL-SCHED tid=user ain=30 action=DEGRADE]
[ZPL-SCHED tid=user ain=30 action=DEGRADE]
[ZPL-SCHED tid=user ain=30 action=DEGRADE]
[ZPL-SCHED tid=user ain=30 action=DEGRADE]
[ZPL-SCHED tid=user ain=30 action=DEGRADE]
[ZPL-SCHED tid=user ain=30 action=DEGRADE]
[ZPL-SCHED tid=user ain=30 action=DEGRADE]
[ZPL-SCHED tid=user ain=30 action=DEGRADE]
[ZPL-SCHED tid=user ain=30 action=DEGRADE]
[ZPL-SCHED tid=user ain=30 action=DEGRADE]
[ZPL-SCHED tid=user ain=30 action=DEGRADE]
[ZPL-SCHED tid=user ain=30 action=DEGRADE]
[ZPL-SCHED tid=user ain=30 action=DEGRADE]
[ZPL-SCHED tid=A ain=30 action=DEGRADE]
[ZPL-SCHED tid=user ain=30 action=DEGRADE]
[ZPL-SCHED tid=user ain=30 action=DEGRADE]
[ZPL-SCHED tid=user ain=30 action=DEGRADE]
[ZPL-SCHED tid=user ain=30 action=DEGRADE]
[ZPL-SCHED tid=user ain=30 action=DEGRADE]
[ZPL-SCHED tid=user ain=30 action=DEGRADE]
[ZPL-SCHED tid=user ain=30 action=DEGRADE]
[ZPL-SCHED tid=user ain=30 action=DEGRADE]
[ZPL-SCHED tid=user ain=30 action=DEGRADE]
[ZPL-SCHED tid=user ain=30 action=DEGRADE]
[ZPL-SCHED tid=user ain=30 action=DEGRADE]
[ZPL-SCHED tid=user ain=30 action=DEGRADE]
[ZPL-SCHED tid=user ain=30 action=DEGRADE]
[ZPL-SCHED tid=user ain=30 action=DEGRADE]
[ZPL-SCHED tid=user ain=30 action=DEGRADE]
[ZPL-SCHED tid=A ain=30 action=DEGRADE]
[ZPL-SCHED tid=user ain=30 action=DEGRADE]
[ZPL-SCHED tid=user ain=30 action=DEGRADE]
[ZPL-SCHED tid=user ain=30 action=DEGRADE]
[ZPL-SCHED tid=user ain=30 action=DEGRADE]
[ZPL-SCHED tid=user ain=30 action=DEGRADE]
[ZPL-SCHED tid=user ain=30 action=DEGRADE]
[ZPL-SCHED tid=user ain=30 action=DEGRADE]
[ZPL-SCHED tid=user ain=30 action=DEGRADE]
[ZPL-SCHED tid=user ain=30 action=DEGRADE]
[ZPL-SCHED tid=user ain=30 action=DEGRADE]
[ZPL-SCHED tid=user ain=30 action=DEGRADE]
[ZPL-SCHED tid=user ain=30 action=DEGRADE]
[ZPL-SCHED tid=user ain=30 action=DEGRADE]
[ZPL-SCHED tid=A ain=30 action=DEGRADE]
[ZPL-SCHED tid=user ain=30 action=DEGRADE]
[ZPL-SCHED tid=user ain=30 action=DEGRADE]
[ZPL-SCHED tid=user ain=30 action=DEGRADE]
[ZPL-SCHED tid=user ain=30 action=DEGRADE]
[ZPL-SCHED tid=user ain=30 action=DEGRADE]
[ZPL-SCHED tid=user ain=30 action=DEGRADE]
[ZPL-SCHED tid=user ain=30 action=DEGRADE]
[ZPL-SCHED tid=user ain=30 action=DEGRADE]
[ZPL-SCHED tid=user ain=30 action=DEGRADE]
[ZPL-SCHED tid=user ain=30 action=DEGRADE]
[ZPL-SCHED tid=A ain=30 action=DEGRADE]
[ZPL-SCHED tid=user ain=30 action=DEGRADE]
[ZPL-SCHED tid=user ain=30 action=DEGRADE]
[ZPL-SCHED tid=user ain=30 action=DEGRADE]
[ZPL-SCHED tid=user ain=30 action=DEGRADE]
[ZPL-SCHED tid=user ain=30 action=DEGRADE]
[ZPL-SCHED tid=user ain=30 action=DEGRADE]
[ZPL-SCHED tid=user ain=30 action=DEGRADE]
[ZPL-SCHED tid=user ain=30 action=DEGRADE]
[ZPL-SCHED tid=user ain=30 action=DEGRADE]
[ZPL-SCHED tid=user ain=30 action=DEGRADE]
[ZPL-SCHED tid=user ain=30 action=DEGRADE]
[ZPL-SCHED tid=user ain=30 action=DEGRADE]
[ZPL-SCHED tid=user ain=30 action=DEGRADE]
[ZPL-SCHED tid=user ain=30 action=DEGRADE]
[ZPL-SCHED tid=A ain=30 action=DEGRADE]
[ZPL-SCHED tid=user ain=30 action=DEGRADE]
[ZPL-SCHED tid=user ain=30 action=DEGRADE]
[ZPL-SCHED tid=user ain=30 action=DEGRADE]
[ZPL-SCHED tid=user ain=30 action=DEGRADE]
[ZPL-SCHED tid=user ain=30 action=DEGRADE]
[ZPL-SCHED tid=user ain=30 action=DEGRADE]
[ZPL-SCHED tid=user ain=30 action=DEGRADE]
[ZPL-SCHED tid=user ain=30 action=DEGRADE]
[ZPL-SCHED tid=user ain=30 action=DEGRADE]
[ZPL-SCHED tid=user ain=30 action=DEGRADE]
[ZPL-SCHED tid=user ain=30 action=DEGRADE]
[ZPL-SCHED tid=user ain=30 action=DEGRADE]
[ZPL-SCHED tid=user ain=30 action=DEGRADE]
[ZPL-SCHED tid=user ain=30 action=DEGRADE]
[ZPL-SCHED tid=user ain=30 action=DEGRADE]
[ZPL-SCHED tid=user ain=30 action=DEGRADE]
[ZPL-SCHED tid=A ain=30 action=DEGRADE]
[ZPL-SCHED tid=user ain=30 action=DEGRADE]
[ZPL-SCHED tid=user ain=30 action=DEGRADE]
[ZPL-SCHED tid=user ain=30 action=DEGRADE]
[ZPL-SCHED tid=user ain=30 action=DEGRADE]
[ZPL-SCHED tid=user ain=30 action=DEGRADE]
[ZPL-SCHED tid=user ain=30 action=DEGRADE]
[ZPL-SCHED tid=user ain=30 action=DEGRADE]
[ZPL-SCHED tid=user ain=30 action=DEGRADE]
[ZPL-SCHED tid=user ain=30 action=DEGRADE]
[ZPL-SCHED tid=user ain=30 action=DEGRADE]
[ZPL-SCHED tid=user ain=30 action=DEGRADE]
[ZPL-SCHED tid=user ain=30 action=DEGRADE]
[ZPL-SCHED tid=user ain=30 action=DEGRADE]
[ZPL-SCHED tid=user ain=30 action=DEGRADE]
[ZPL-SCHED tid=user ain=30 action=DEGRADE]
[ZPL-SCHED tid=A ain=30 action=DEGRADE]
[ZPL-SCHED tid=user ain=30 action=DEGRADE]
[ZPL-SCHED tid=user ain=30 action=DEGRADE]
[ZPL-SCHED tid=user ain=30 action=DEGRADE]
[ZPL-SCHED tid=user ain=30 action=DEGRADE]
[ZPL-SCHED tid=user ain=30 action=DEGRADE]
[ZPL-SCHED tid=user ain=30 action=DEGRADE]
[ZPL-SCHED tid=user ain=30 action=DEGRADE]
[ZPL-SCHED tid=user ain=30 action=DEGRADE]
[ZPL-SCHED tid=user ain=30 action=DEGRADE]
[ZPL-SCHED tid=user ain=30 action=DEGRADE]
[ZPL-SCHED tid=user ain=30 action=DEGRADE]
[ZPL-SCHED tid=user ain=30 action=DEGRADE]
[ZPL-SCHED tid=user ain=30 action=DEGRADE]
[ZPL-SCHED tid=user ain=30 action=DEGRADE]
[ZPL-SCHED tid=user ain=30 action=DEGRADE]
[ZPL-SCHED tid=user ain=30 action=DEGRADE]
[ZPL-SCHED tid=A ain=30 action=DEGRADE]
[ZPL-SCHED tid=user ain=30 action=DEGRADE]
[ZPL-SCHED tid=user ain=30 action=DEGRADE]
[ZPL-SCHED tid=user ain=30 action=DEGRADE]
[ZPL-SCHED tid=user ain=30 action=DEGRADE]
[ZPL-SCHED tid=user ain=30 action=DEGRADE]
[ZPL-SCHED tid=user ain=30 action=DEGRADE]
[ZPL-SCHED tid=user ain=30 action=DEGRADE]
[ZPL-SCHED tid=user ain=30 action=DEGRADE]
[ZPL-SCHED tid=user ain=30 action=DEGRADE]
[ZPL-SCHED tid=user ain=30 action=DEGRADE]
[ZPL-SCHED tid=user ain=30 action=DEGRADE]
[ZPL-SCHED tid=user ain=30 action=DEGRADE]
[ZPL-SCHED tid=user ain=30 action=DEGRADE]
[ZPL-SCHED tid=user ain=30 action=DEGRADE]
[ZPL-SCHED tid=user ain=30 action=DEGRADE]
[ZPL-SCHED tid=user ain=30 action=DEGRADE]
[ZPL-SCHED tid=user ain=30 action=DEGRADE]
[ZPL-SCHED tid=A ain=30 action=DEGRADE]
[ZPL-SCHED tid=user ain=30 action=DEGRADE]
[ZPL-SCHED tid=user ain=30 action=DEGRADE]
[ZPL-SCHED tid=user ain=30 action=DEGRADE]
[ZPL-SCHED tid=user ain=30 action=DEGRADE]
[ZPL-SCHED tid=user ain=30 action=DEGRADE]
[ZPL-SCHED tid=user ain=30 action=DEGRADE]
[ZPL-SCHED tid=user ain=30 action=DEGRADE]
[ZPL-SCHED tid=user ain=30 action=DEGRADE]
[ZPL-SCHED tid=user ain=30 action=DEGRADE]
[ZPL-SCHED tid=user ain=30 action=DEGRADE]
[ZPL-SCHED tid=user ain=30 action=DEGRADE]
[ZPL-SCHED tid=user ain=30 action=DEGRADE]
[ZPL-SCHED tid=user ain=30 action=DEGRADE]
[ZPL-SCHED tid=A ain=30 action=DEGRADE]
[ZPL-SCHED tid=user ain=30 action=DEGRADE]
[ZPL-SCHED tid=user ain=30 action=DEGRADE]
[ZPL-SCHED tid=user ain=30 action=DEGRADE]
[ZPL-SCHED tid=user ain=30 action=DEGRADE]
[ZPL-SCHED tid=user ain=30 action=DEGRADE]
[ZPL-SCHED tid=user ain=30 action=DEGRADE]
[ZPL-SCHED tid=user ain=30 action=DEGRADE]
[ZPL-SCHED tid=user ain=30 action=DEGRADE]
[ZPL-SCHED tid=user ain=30 action=DEGRADE]
[ZPL-SCHED tid=user ain=30 action=DEGRADE]
[ZPL-SCHED tid=user ain=30 action=DEGRADE]
[ZPL-SCHED tid=user ain=30 action=DEGRADE]
[ZPL-SCHED tid=user ain=30 action=DEGRADE]
[ZPL-SCHED tid=user ain=30 action=DEGRADE]
[ZPL-SCHED tid=user ain=30 action=DEGRADE]
[ZPL-SCHED tid=A ain=30 action=DEGRADE]
[ZPL-SCHED tid=user ain=30 action=DEGRADE]
[ZPL-SCHED tid=user ain=30 action=DEGRADE]
[ZPL-SCHED tid=user ain=30 action=DEGRADE]
[ZPL-SCHED tid=user ain=30 action=DEGRADE]
[ZPL-SCHED tid=user ain=30 action=DEGRADE]
[ZPL-SCHED tid=user ain=30 action=DEGRADE]
[ZPL-SCHED tid=user ain=30 action=DEGRADE]
[ZPL-SCHED tid=user ain=30 action=DEGRADE]
[ZPL-SCHED tid=user ain=30 action=DEGRADE]
[ZPL-SCHED tid=user ain=30 action=DEGRADE]
[ZPL-SCHED tid=user ain=30 action=DEGRADE]
[ZPL-SCHED tid=user ain=30 action=DEGRADE]
[ZPL-SCHED tid=user ain=30 action=DEGRADE]
[ZPL-SCHED tid=user ain=30 action=DEGRADE]
[ZPL-SCHED tid=A ain=30 action=DEGRADE]
[ZPL-SCHED tid=user ain=30 action=DEGRADE]
[ZPL-SCHED tid=user ain=30 action=DEGRADE]
[ZPL-SYSCALL] exit code=0
[ZPL-RING3] demo programs done
[ZPL-PERF phase=0 name=kernel_entry rdtsc=293720575 delta=0]
[ZPL-PERF phase=1 name=serial_ready rdtsc=294588477 delta=867902]
[ZPL-PERF phase=2 name=frame_alloc rdtsc=369453169 delta=74864692]
[ZPL-PERF phase=3 name=heap rdtsc=374614155 delta=5160986]
[ZPL-PERF phase=4 name=audit_chain rdtsc=382152144 delta=7537989]
[ZPL-PERF phase=5 name=smp rdtsc=386188638 delta=4036494]
[ZPL-PERF phase=6 name=paging rdtsc=410363051 delta=24174413]
[ZPL-PERF phase=7 name=ring3 rdtsc=414209384 delta=3846333]
[ZPL-PERF phase=8 name=ramfs rdtsc=499812333 delta=85602949]
[ZPL-PERF phase=9 name=process rdtsc=508989341 delta=9177008]
[ZPL-PERF phase=10 name=ipc rdtsc=518352198 delta=9362857]
[ZPL-PERF phase=11 name=shm rdtsc=533550295 delta=15198097]
[ZPL-PERF phase=12 name=matrix rdtsc=555021729 delta=21471434]
[ZPL-PERF phase=13 name=runqueue rdtsc=562898884 delta=7877155]
[ZPL-PERF phase=14 name=hal rdtsc=608659523 delta=45760639]
[ZPL-PERF phase=15 name=halt_loop rdtsc=4869255856 delta=4260596333]
[ZPL-E1000] tx arp who-has 10.0.2.2 len=60 polls=1 confirmed OK
[ZPL-E1000] link status_lu=already phy_link=already phy_autoneg=never mii=0x794d phy_unreadable=0 frame_at=1083761
[ZPL-E1000] rx len=64 polls=1 irqs=0 icr=0x00000000 cycles=1083761 budget=12000000000 from=52:55:0a:00:02:02 arp reply: 10.0.2.2 is at that address OK
[ZPL-BOOT] halt loop entered
